RAM Allocation [bytes]
Variable                                                                          Address   Size
------------------------------------------------------------------------------------------------
ch                                                                                0x0260      16
_base_y                                                                           0x0270       4

EEPROM Allocation [bytes]
Variable                                                                          Address   Size
------------------------------------------------------------------------------------------------

Register Allocation
Variable                                                                          Register  Size
------------------------------------------------------------------------------------------------
_lcd_x                                                                            R5           1
_lcd_y                                                                            R4           1
_lcd_maxx                                                                         R7           1

FLASH Allocation [words]
Function                                                                          Address   Size
------------------------------------------------------------------------------------------------
main                                                                              0x00067     46
_lcd_delay_G100                                                                   0x00095      4
_lcd_ready                                                                        0x00099     17
_lcd_write_nibble_G100                                                            0x000AA     10
_lcd_write_data                                                                   0x000B4     15
_lcd_read_nibble_G100                                                             0x000C3      9
lcd_read_byte0_G100                                                               0x000CC      9
lcd_gotoxy                                                                        0x000D5     16
lcd_clear                                                                         0x000E5     19
lcd_putchar                                                                       0x000F8     26
lcd_puts                                                                          0x00112     17
_long_delay_G100                                                                  0x00123      5
_lcd_init_write_G100                                                              0x00128     12
lcd_init                                                                          0x00134     51
getchar                                                                           0x00167      4
get_usart_G101                                                                    0x0016B     22
_scanf_G101                                                                       0x00181    322
scanf                                                                             0x002C3     35
isdigit                                                                           0x002E6      9
isspace                                                                           0x002EF     11
isxdigit                                                                          0x002FA     15
